error: recursive default impl
  --> $DIR/recursive_default_impl.rs:7:5
   |
LL |     fn default() -> Self {
   |     ^^^^^^^^^^^^^^^^^^^^ will result in infinite recursion
...
LL |             ..Default::default()
   |               ------------------ recursive call site
   |
   = help: ..default() in the Default impl does not apply a default for each struct field
   = note: `#[deny(recursive_default_impl)]` on by default

error: aborting due to 1 previous error

