error[E0391]: cycle detected when computing type of `Foo::{opaque#0}`
  --> $DIR/opaque_types2.rs:3:12
   |
LL | type Foo = impl Sized;
   |            ^^^^^^^^^^
   |
note: ...which requires computing type of opaque `Foo::{opaque#0}`...
  --> $DIR/opaque_types2.rs:3:12
   |
LL | type Foo = impl Sized;
   |            ^^^^^^^^^^
note: ...which requires type-checking `bar`...
  --> $DIR/opaque_types2.rs:9:1
   |
LL | / fn bar()
LL | | where
LL | |     Foo:,
   | |_________^
note: ...which requires evaluating type-level constant...
  --> $DIR/opaque_types2.rs:7:1
   |
LL | const C: Foo = 42;
   | ^^^^^^^^^^^^
note: ...which requires const-evaluating + checking `C`...
  --> $DIR/opaque_types2.rs:7:1
   |
LL | const C: Foo = 42;
   | ^^^^^^^^^^^^
note: ...which requires caching mir of `C` for CTFE...
  --> $DIR/opaque_types2.rs:7:1
   |
LL | const C: Foo = 42;
   | ^^^^^^^^^^^^
note: ...which requires elaborating drops for `C`...
  --> $DIR/opaque_types2.rs:7:1
   |
LL | const C: Foo = 42;
   | ^^^^^^^^^^^^
   = note: ...which requires normalizing `Foo`...
   = note: ...which again requires computing type of `Foo::{opaque#0}`, completing the cycle
note: cycle used when checking that `Foo::{opaque#0}` is well-formed
  --> $DIR/opaque_types2.rs:3:12
   |
LL | type Foo = impl Sized;
   |            ^^^^^^^^^^
   = note: see https://rustc-dev-guide.rust-lang.org/overview.html#queries and https://rustc-dev-guide.rust-lang.org/query.html for more information

error: aborting due to 1 previous error

For more information about this error, try `rustc --explain E0391`.
