warning: the `#[no_mangle]` attribute may not be used in combination with `#[export_name]`
  --> $DIR/mixed_export_name_and_no_mangle.rs:5:1
   |
LL | #[no_mangle]
   | ^^^^^^^^^^^^ `#[no_mangle]` is ignored
   |
note: `#[export_name = "foo"]` takes precedence
  --> $DIR/mixed_export_name_and_no_mangle.rs:7:1
   |
LL | #[export_name = "foo"]
   | ^^^^^^^^^^^^^^^^^^^^^^
   = note: `#[warn(unused_attributes)]` on by default
help: remove the `#[no_mangle]` attribute
   |
LL - #[no_mangle]
   |

warning: 1 warning emitted

