warning: associated items `Future` and `into_future` are never used
  --> $DIR/issue-38033.rs:18:10
   |
LL | trait IntoFuture {
   |       ---------- associated items in this trait
LL |     type Future: Future<Item=Self::Item, Error=Self::Error>;
   |          ^^^^^^
...
LL |     fn into_future(self) -> Self::Future;
   |        ^^^^^^^^^^^
   |
   = note: `#[warn(dead_code)]` on by default

warning: 1 warning emitted

