print-type-size type: `{async fn body of test()}`: 2053 bytes, alignment: 1 bytes
print-type-size     discriminant: 1 bytes
print-type-size     variant `Unresumed`: 0 bytes
print-type-size     variant `Suspend0`: 2052 bytes
print-type-size         local `.__awaitee`: 2052 bytes, type: {async fn body of calls_fut<{async fn body of big_fut()}>()}
print-type-size     variant `Returned`: 0 bytes
print-type-size     variant `Panicked`: 0 bytes
print-type-size type: `std::mem::ManuallyDrop<{async fn body of calls_fut<{async fn body of big_fut()}>()}>`: 2052 bytes, alignment: 1 bytes
print-type-size     field `.value`: 2052 bytes
print-type-size type: `std::mem::MaybeUninit<{async fn body of calls_fut<{async fn body of big_fut()}>()}>`: 2052 bytes, alignment: 1 bytes
print-type-size     variant `MaybeUninit`: 2052 bytes
print-type-size         field `.uninit`: 0 bytes
print-type-size         field `.value`: 2052 bytes
print-type-size type: `{async fn body of calls_fut<{async fn body of big_fut()}>()}`: 2052 bytes, alignment: 1 bytes
print-type-size     discriminant: 1 bytes
print-type-size     variant `Unresumed`: 2051 bytes
print-type-size         upvar `.fut`: 1 bytes, offset: 0 bytes, alignment: 1 bytes
print-type-size         padding: 1026 bytes
print-type-size         local `..coroutine_field5`: 1025 bytes, alignment: 1 bytes, type: {async fn body of big_fut()}
print-type-size     variant `Suspend0`: 1027 bytes
print-type-size         local `.fut`: 1025 bytes
print-type-size         local `..coroutine_field4`: 1 bytes, type: bool
print-type-size         local `.__awaitee`: 1 bytes, type: {async fn body of wait()}
print-type-size     variant `Suspend1`: 2051 bytes
print-type-size         padding: 1025 bytes
print-type-size         local `..coroutine_field4`: 1 bytes, alignment: 1 bytes, type: bool
print-type-size         local `.__awaitee`: 1025 bytes, type: {async fn body of big_fut()}
print-type-size     variant `Suspend2`: 1027 bytes
print-type-size         local `.fut`: 1025 bytes
print-type-size         local `..coroutine_field4`: 1 bytes, type: bool
print-type-size         local `.__awaitee`: 1 bytes, type: {async fn body of wait()}
print-type-size     variant `Returned`: 0 bytes
print-type-size     variant `Panicked`: 0 bytes
print-type-size type: `std::mem::ManuallyDrop<{async fn body of big_fut()}>`: 1025 bytes, alignment: 1 bytes
print-type-size     field `.value`: 1025 bytes
print-type-size type: `std::mem::MaybeUninit<{async fn body of big_fut()}>`: 1025 bytes, alignment: 1 bytes
print-type-size     variant `MaybeUninit`: 1025 bytes
print-type-size         field `.uninit`: 0 bytes
print-type-size         field `.value`: 1025 bytes
print-type-size type: `{async fn body of big_fut()}`: 1025 bytes, alignment: 1 bytes
print-type-size     discriminant: 1 bytes
print-type-size     variant `Unresumed`: 1024 bytes
print-type-size         upvar `.arg`: 1 bytes, offset: 0 bytes, alignment: 1 bytes
print-type-size         local `..coroutine_field0`: 1024 bytes, type: [u8; 1024]
print-type-size     variant `Returned`: 0 bytes
print-type-size     variant `Panicked`: 0 bytes
print-type-size type: `std::mem::ManuallyDrop<[u8; 1024]>`: 1024 bytes, alignment: 1 bytes
print-type-size     field `.value`: 1024 bytes
print-type-size type: `std::mem::MaybeUninit<[u8; 1024]>`: 1024 bytes, alignment: 1 bytes
print-type-size     variant `MaybeUninit`: 1024 bytes
print-type-size         field `.uninit`: 0 bytes
print-type-size         field `.value`: 1024 bytes
print-type-size type: `std::mem::ManuallyDrop<bool>`: 1 bytes, alignment: 1 bytes
print-type-size     field `.value`: 1 bytes
print-type-size type: `std::mem::ManuallyDrop<{async fn body of wait()}>`: 1 bytes, alignment: 1 bytes
print-type-size     field `.value`: 1 bytes
print-type-size type: `std::mem::MaybeUninit<bool>`: 1 bytes, alignment: 1 bytes
print-type-size     variant `MaybeUninit`: 1 bytes
print-type-size         field `.uninit`: 0 bytes
print-type-size         field `.value`: 1 bytes
print-type-size type: `std::mem::MaybeUninit<{async fn body of wait()}>`: 1 bytes, alignment: 1 bytes
print-type-size     variant `MaybeUninit`: 1 bytes
print-type-size         field `.uninit`: 0 bytes
print-type-size         field `.value`: 1 bytes
print-type-size type: `std::task::Poll<()>`: 1 bytes, alignment: 1 bytes
print-type-size     discriminant: 1 bytes
print-type-size     variant `Ready`: 0 bytes
print-type-size         field `.0`: 0 bytes
print-type-size     variant `Pending`: 0 bytes
print-type-size type: `{async fn body of wait()}`: 1 bytes, alignment: 1 bytes
print-type-size     discriminant: 1 bytes
print-type-size     variant `Unresumed`: 0 bytes
print-type-size     variant `Returned`: 0 bytes
print-type-size     variant `Panicked`: 0 bytes
