error: this value of type `LoudDropper` has significant drop implementation that will have a different drop order from that of Edition 2021
  --> $DIR/lint-tail-expr-drop-order.rs:26:15
   |
LL |     let x = LoudDropper;
   |         - these local bindings with significant drop implementation may observe changes in drop order under Edition 2024
LL |     // Should lint
LL |     x.get() + LoudDropper.get()
   |               ^^^^^^^^^^^
   |
   = warning: this changes meaning in Rust 2024
   = note: for more information, see issue #123739 <https://github.com/rust-lang/rust/issues/123739>
note: the lint level is defined here
  --> $DIR/lint-tail-expr-drop-order.rs:5:9
   |
LL | #![deny(tail_expr_drop_order)]
   |         ^^^^^^^^^^^^^^^^^^^^

error: this value of type `LoudDropper` has significant drop implementation that will have a different drop order from that of Edition 2021
  --> $DIR/lint-tail-expr-drop-order.rs:43:19
   |
LL |         let x = LoudDropper;
   |             - these local bindings with significant drop implementation may observe changes in drop order under Edition 2024
LL |         // Should lint
LL |         x.get() + LoudDropper.get()
   |                   ^^^^^^^^^^^
   |
   = warning: this changes meaning in Rust 2024
   = note: for more information, see issue #123739 <https://github.com/rust-lang/rust/issues/123739>

error: this value of type `LoudDropper` has significant drop implementation that will have a different drop order from that of Edition 2021
  --> $DIR/lint-tail-expr-drop-order.rs:50:15
   |
LL | fn should_lint_params(x: LoudDropper) -> i32 {
   |                       - these local bindings with significant drop implementation may observe changes in drop order under Edition 2024
LL |     x.get() + LoudDropper.get()
   |               ^^^^^^^^^^^
   |
   = warning: this changes meaning in Rust 2024
   = note: for more information, see issue #123739 <https://github.com/rust-lang/rust/issues/123739>

error: this value of type `LoudDropper` has significant drop implementation that will have a different drop order from that of Edition 2021
  --> $DIR/lint-tail-expr-drop-order.rs:63:7
   |
LL |     let x = LoudDropper;
   |         - these local bindings with significant drop implementation may observe changes in drop order under Edition 2024
LL |     { LoudDropper.get() }
   |       ^^^^^^^^^^^
   |
   = warning: this changes meaning in Rust 2024
   = note: for more information, see issue #123739 <https://github.com/rust-lang/rust/issues/123739>

error: aborting due to 4 previous errors

