error[E0425]: cannot find function `consume` in this scope
  --> $DIR/suggest-method-on-call-for-ambig-receiver.rs:10:13
   |
LL |             consume(right);
   |             ^^^^^^^ not found in this scope
   |
help: use the `.` operator to call the method `BufRead::consume` on `&mut _`
   |
LL -             consume(right);
LL +             right.consume();
   |

error: aborting due to 1 previous error

For more information about this error, try `rustc --explain E0425`.
