error[E0770]: the type of const parameters must not depend on other generic parameters
  --> $DIR/issue-62878.rs:5:38
   |
LL | fn foo<const N: usize, const A: [u8; N]>() {}
   |                                      ^ the type must not depend on the parameter `N`
   |
   = note: const parameters may not be used in the type of const parameters

error[E0747]: type provided when a constant was expected
  --> $DIR/issue-62878.rs:10:11
   |
LL |     foo::<_, { [1] }>();
   |           ^
   |
   = help: const arguments cannot yet be inferred with `_`
help: add `#![feature(generic_arg_infer)]` to the crate attributes to enable
   |
LL + #![feature(generic_arg_infer)]
   |

error: aborting due to 2 previous errors

Some errors have detailed explanations: E0747, E0770.
For more information about an error, try `rustc --explain E0747`.
